Decompiling all files in directory: "C:\Users\Maxwell\Desktop\Games\BlocklandReImagined\.research\v20-dso"
Decompiling file: "C:\Users\Maxwell\Desktop\Games\BlocklandReImagined\.research\v20-dso\main-Vanilla.cs.dso"
	Using game settings: "Blockland v20"
Writing output file: "C:\Users\Maxwell\Desktop\Games\BlocklandReImagined\.research\v20-dso/main-Vanilla.cs"
Decompiling file: "C:\Users\Maxwell\Desktop\Games\BlocklandReImagined\.research\v20-dso\client\actionMap.cs.dso"
	Using game settings: "Blockland v20"
Writing output file: "C:\Users\Maxwell\Desktop\Games\BlocklandReImagined\.research\v20-dso\client/actionMap.cs"
Decompiling file: "C:\Users\Maxwell\Desktop\Games\BlocklandReImagined\.research\v20-dso\client\audio.cs.dso"
	Using game settings: "Blockland v20"
Writing output file: "C:\Users\Maxwell\Desktop\Games\BlocklandReImagined\.research\v20-dso\client/audio.cs"
Decompiling file: "C:\Users\Maxwell\Desktop\Games\BlocklandReImagined\.research\v20-dso\client\canvas.cs.dso"
	Using game settings: "Blockland v20"
Writing output file: "C:\Users\Maxwell\Desktop\Games\BlocklandReImagined\.research\v20-dso\client/canvas.cs"
Decompiling file: "C:\Users\Maxwell\Desktop\Games\BlocklandReImagined\.research\v20-dso\client\init.cs.dso"
	Using game settings: "Blockland v20"
Writing output file: "C:\Users\Maxwell\Desktop\Games\BlocklandReImagined\.research\v20-dso\client/init.cs"
Decompiling file: "C:\Users\Maxwell\Desktop\Games\BlocklandReImagined\.research\v20-dso\client\message.cs.dso"
	Using game settings: "Blockland v20"
Writing output file: "C:\Users\Maxwell\Desktop\Games\BlocklandReImagined\.research\v20-dso\client/message.cs"
Decompiling file: "C:\Users\Maxwell\Desktop\Games\BlocklandReImagined\.research\v20-dso\client\mission.cs.dso"
	Using game settings: "Blockland v20"
Writing output file: "C:\Users\Maxwell\Desktop\Games\BlocklandReImagined\.research\v20-dso\client/mission.cs"
Decompiling file: "C:\Users\Maxwell\Desktop\Games\BlocklandReImagined\.research\v20-dso\client\missionDownload.cs.dso"
	Using game settings: "Blockland v20"
Writing output file: "C:\Users\Maxwell\Desktop\Games\BlocklandReImagined\.research\v20-dso\client/missionDownload.cs"
Decompiling file: "C:\Users\Maxwell\Desktop\Games\BlocklandReImagined\.research\v20-dso\server\defaultMusicList.cs.dso"
	Using game settings: "Blockland v20"
Writing output file: "C:\Users\Maxwell\Desktop\Games\BlocklandReImagined\.research\v20-dso\server/defaultMusicList.cs"
Decompiling file: "C:\Users\Maxwell\Desktop\Games\BlocklandReImagined\.research\v20-dso\server\init.cs.dso"
	Using game settings: "Blockland v20"
Writing output file: "C:\Users\Maxwell\Desktop\Games\BlocklandReImagined\.research\v20-dso\server/init.cs"
Decompiling file: "C:\Users\Maxwell\Desktop\Games\BlocklandReImagined\.research\v20-dso\server\mainServer.cs.dso"
	Using game settings: "Blockland v20"
Writing output file: "C:\Users\Maxwell\Desktop\Games\BlocklandReImagined\.research\v20-dso\server/mainServer.cs"
Decompiling file: "C:\Users\Maxwell\Desktop\Games\BlocklandReImagined\.research\v20-dso\client\scripts\allClientScripts-Vanilla.cs.dso"
	Using game settings: "Blockland v20"
Writing output file: "C:\Users\Maxwell\Desktop\Games\BlocklandReImagined\.research\v20-dso\client\scripts/allClientScripts-Vanilla.cs"
Decompiling file: "C:\Users\Maxwell\Desktop\Games\BlocklandReImagined\.research\v20-dso\client\ui\allClientGuis-Vanilla.gui.dso"
	Using game settings: "Blockland v20"
Writing output file: "C:\Users\Maxwell\Desktop\Games\BlocklandReImagined\.research\v20-dso\client\ui/allClientGuis-Vanilla.gui"
Decompiling file: "C:\Users\Maxwell\Desktop\Games\BlocklandReImagined\.research\v20-dso\server\scripts\allGameScripts-Vanilla.cs.dso"
	Using game settings: "Blockland v20"
Writing output file: "C:\Users\Maxwell\Desktop\Games\BlocklandReImagined\.research\v20-dso\server\scripts/allGameScripts-Vanilla.cs"
Decompiling file: "C:\Users\Maxwell\Desktop\Games\BlocklandReImagined\.research\v20-dso\server\scripts\DamageTypes.cs.dso"
	Using game settings: "Blockland v20"
Writing output file: "C:\Users\Maxwell\Desktop\Games\BlocklandReImagined\.research\v20-dso\server\scripts/DamageTypes.cs"
Decompiling file: "C:\Users\Maxwell\Desktop\Games\BlocklandReImagined\.research\v20-dso\server\scripts\game.cs.dso"
	Using game settings: "Blockland v20"
Writing output file: "C:\Users\Maxwell\Desktop\Games\BlocklandReImagined\.research\v20-dso\server\scripts/game.cs"

[SUCCESS] Decompiled 16 files successfully in 1174 ms


